// Jest Snapshot v1, https://goo.gl/fbAQLP

exports[`snapshot test block snapshot test 1`] = `
<DocumentFragment>
  <div
    class="App"
  >
    <header
      class="App-header"
    >
      <div>
        <span
          data-testid="counter"
        >
          0
        </span>
        <button
          data-testid="add"
        >
          ＋
        </button>
        <button
          data-testid="minus"
        >
          ー
        </button>
      </div>
    </header>
  </div>
</DocumentFragment>
`;

exports[`snapshot test snapshot test 1 1`] = `
<DocumentFragment>
  <div
    class="App"
  >
    <header
      class="App-header"
    >
      <div>
        <span
          data-testid="counter"
        >
          0
        </span>
        <button
          data-testid="add"
        >
          ＋
        </button>
        <button
          data-testid="minus"
        >
          ー
        </button>
      </div>
    </header>
  </div>
</DocumentFragment>
`;
